[0m11:44:55.280288 [debug] [MainThread]: Sending event: {'category': 'dbt', 'action': 'invocation', 'label': 'start', 'context': [<snowplow_tracker.self_describing_json.SelfDescribingJson object at 0x000002039CBCD790>, <snowplow_tracker.self_describing_json.SelfDescribingJson object at 0x000002039CBFC650>, <snowplow_tracker.self_describing_json.SelfDescribingJson object at 0x000002039CBFC710>]}


============================== 11:44:55.288291 | 8b3ae55c-81d5-4e44-91ba-054b81f9769f ==============================
[0m11:44:55.288291 [info ] [MainThread]: Running with dbt=1.11.7
[0m11:44:55.288291 [debug] [MainThread]: running dbt with arguments {'static_parser': 'True', 'no_print': 'None', 'version_check': 'True', 'warn_error_options': 'WarnErrorOptionsV2(error=[], warn=[], silence=[])', 'target_path': 'None', 'printer_width': '80', 'write_json': 'True', 'empty': 'None', 'log_cache_events': 'False', 'introspect': 'True', 'cache_selected_only': 'False', 'log_format': 'default', 'debug': 'False', 'fail_fast': 'False', 'profiles_dir': 'C:\\Users\\Gruka\\.dbt', 'send_anonymous_usage_stats': 'True', 'quiet': 'False', 'warn_error': 'None', 'partial_parse': 'True', 'indirect_selection': 'eager', 'use_colors': 'True', 'invocation_command': 'dbt init tennis-analytics', 'use_experimental_parser': 'False', 'log_path': 'logs'}
[0m11:44:55.332308 [info ] [MainThread]: Creating dbt configuration folder at C:\Users\Gruka\.dbt
[0m11:45:33.423186 [debug] [MainThread]: Starter project path: C:\Users\Gruka\anaconda3\envs\tennis-pipeline\Lib\site-packages\dbt\include\starter_project
[0m11:45:33.491183 [info ] [MainThread]: 
Your new dbt project "tennis_analytics" was created!

For more information on how to configure the profiles.yml file,
please consult the dbt documentation here:

  https://docs.getdbt.com/docs/configure-your-profile

One more thing:

Need help? Don't hesitate to reach out to us via GitHub issues or on Slack:

  https://community.getdbt.com/

Happy modeling!

[0m11:45:33.491183 [info ] [MainThread]: Setting up your profile.
[0m11:45:58.925021 [info ] [MainThread]: Profile tennis_analytics written to C:\Users\Gruka\.dbt\profiles.yml using target's sample configuration. Once updated, you'll be able to start developing with dbt.
[0m11:45:58.933656 [debug] [MainThread]: Command `dbt init` succeeded at 11:45:58.925021 after 63.78 seconds
[0m11:45:58.933656 [debug] [MainThread]: Sending event: {'category': 'dbt', 'action': 'invocation', 'label': 'end', 'context': [<snowplow_tracker.self_describing_json.SelfDescribingJson object at 0x0000020399394CD0>, <snowplow_tracker.self_describing_json.SelfDescribingJson object at 0x0000020395EFA550>, <snowplow_tracker.self_describing_json.SelfDescribingJson object at 0x000002039DD1C290>]}
[0m11:45:58.933656 [debug] [MainThread]: Flushing usage events
[0m11:45:59.611147 [debug] [MainThread]: An error was encountered while trying to flush usage events
[0m15:37:04.944742 [debug] [MainThread]: Got an exception trying to initialize tracking


============================== 15:37:04.982175 | 6933583a-f04a-4f14-b21e-b4376b8090a8 ==============================
[0m15:37:04.982175 [info ] [MainThread]: Running with dbt=1.11.7
[0m15:37:04.983162 [debug] [MainThread]: running dbt with arguments {'static_parser': 'True', 'no_print': 'None', 'version_check': 'True', 'warn_error_options': 'WarnErrorOptionsV2(error=[], warn=[], silence=[])', 'target_path': 'None', 'printer_width': '80', 'write_json': 'True', 'empty': 'False', 'log_cache_events': 'False', 'introspect': 'True', 'cache_selected_only': 'False', 'log_format': 'default', 'debug': 'False', 'fail_fast': 'False', 'partial_parse': 'True', 'send_anonymous_usage_stats': 'True', 'quiet': 'False', 'warn_error': 'None', 'profiles_dir': 'C:\\Users\\Gruka\\.dbt', 'invocation_command': 'dbt run', 'use_colors': 'True', 'indirect_selection': 'eager', 'use_experimental_parser': 'False', 'log_path': 'logs'}
[0m15:37:04.984182 [error] [MainThread]: Encountered an error:
Runtime Error
  No dbt_project.yml found at expected path C:\Storage\Projects\tennis-pipeline\dbt_project.yml
  Verify that each entry within packages.yml (and their transitive dependencies) contains a file named dbt_project.yml
  
[0m15:37:04.986182 [debug] [MainThread]: Command `dbt run` failed at 15:37:04.986182 after 0.11 seconds
[0m15:37:04.987172 [debug] [MainThread]: Flushing usage events
==================== 2026-03-24T17:31:43.095524Z | 019d20e7-0074-7bc2-b611-9179a750ce63 ====================
{"data":{"log_version":3,"version":"=2.0.0-preview.161"},"info":{"category":"","code":"A001","extra":{},"invocation_id":"019d91f5-9a9d-78d1-a105-040587826075","level":"info","msg":"Running with dbt-fusion=2.0.0-preview.161","name":"MainReportVersion","pid":12860,"thread":"tokio-rt-worker","ts":"2026-04-15T16:24:45.512977Z"}}
{"data":{"args":{"debug":"false","invocation_command":"C:\\Users\\Gruka\\.local\\bin\\dbt.exe license info --json --log-format json","log_format":"json","quiet":"false","write_json":"true"}},"info":{"category":"","code":"A002","extra":{},"invocation_id":"019d91f5-9a9d-78d1-a105-040587826075","level":"debug","msg":"running dbt-fusion with argumets {\"command\":\"license\",\"vars\":\"{}\",\"limit\":\"10\",\"debug\":false,\"log_format\":\"json\",\"quiet\":false,\"write_json\":true,\"write_catalog\":false}","name":"MainReportArgs","pid":12860,"thread":"tokio-rt-worker","ts":"2026-04-15T16:24:45.513001Z"}}
{"data":{},"info":{"category":"","code":"","extra":{},"invocation_id":"019d91f5-9a9d-78d1-a105-040587826075","level":"debug","msg":"No active cloud project configured, skipping remote license","name":"Generic","pid":12860,"thread":"tokio-rt-worker","ts":"2026-04-15T16:24:45.526559Z"}}
{"data":{"columns":[],"is_inline":true,"node_name":"license_info","output_format":"json","preview":"{\n  \"status\": \"not_found\",\n  \"licensing_enabled\": true\n}","unique_id":"license.info"},"info":{"category":"","code":"Q041","extra":{},"invocation_id":"019d91f5-9a9d-78d1-a105-040587826075","level":"info","msg":"{\n  \"status\": \"not_found\",\n  \"licensing_enabled\": true\n}","name":"ShowNode","pid":12860,"thread":"tokio-rt-worker","ts":"2026-04-15T16:24:45.530979Z"}}
{"data":{"completed_at":"2026-04-15T16:24:46.086045Z","elapsed":0.5749267339706421,"success":true},"info":{"category":"","code":"Q039","extra":{},"invocation_id":"019d91f5-9a9d-78d1-a105-040587826075","level":"info","msg":"\n==================== Execution Summary =====================\nFinished 'license' successfully [574ms]","name":"CommandCompleted","pid":12860,"thread":"tokio-rt-worker","ts":"2026-04-15T16:24:46.088744Z"}}
{"data":{"log_version":3,"version":"=2.0.0-preview.161"},"info":{"category":"","code":"A001","extra":{},"invocation_id":"019dafca-45ae-72f1-87de-9c4c59065ef3","level":"info","msg":"Running with dbt-fusion=2.0.0-preview.161","name":"MainReportVersion","pid":7852,"thread":"tokio-rt-worker","ts":"2026-04-21T11:26:02.192235Z"}}
{"data":{"args":{"debug":"false","invocation_command":"C:\\Users\\Gruka\\.local\\bin\\dbt.exe license info --json --log-format json","log_format":"json","quiet":"false","write_json":"true"}},"info":{"category":"","code":"A002","extra":{},"invocation_id":"019dafca-45ae-72f1-87de-9c4c59065ef3","level":"debug","msg":"running dbt-fusion with argumets {\"command\":\"license\",\"vars\":\"{}\",\"limit\":\"10\",\"debug\":false,\"log_format\":\"json\",\"quiet\":false,\"write_json\":true,\"write_catalog\":false}","name":"MainReportArgs","pid":7852,"thread":"tokio-rt-worker","ts":"2026-04-21T11:26:02.192267Z"}}
{"data":{},"info":{"category":"","code":"","extra":{},"invocation_id":"019dafca-45ae-72f1-87de-9c4c59065ef3","level":"debug","msg":"No active cloud project configured, skipping remote license","name":"Generic","pid":7852,"thread":"tokio-rt-worker","ts":"2026-04-21T11:26:02.203053Z"}}
{"data":{"columns":[],"is_inline":true,"node_name":"license_info","output_format":"json","preview":"{\n  \"status\": \"not_found\",\n  \"licensing_enabled\": true\n}","unique_id":"license.info"},"info":{"category":"","code":"Q041","extra":{},"invocation_id":"019dafca-45ae-72f1-87de-9c4c59065ef3","level":"info","msg":"{\n  \"status\": \"not_found\",\n  \"licensing_enabled\": true\n}","name":"ShowNode","pid":7852,"thread":"tokio-rt-worker","ts":"2026-04-21T11:26:02.204961Z"}}
{"data":{"completed_at":"2026-04-21T11:26:02.485169Z","elapsed":0.29509589076042175,"success":true},"info":{"category":"","code":"Q039","extra":{},"invocation_id":"019dafca-45ae-72f1-87de-9c4c59065ef3","level":"info","msg":"\n==================== Execution Summary =====================\nFinished 'license' successfully [295ms]","name":"CommandCompleted","pid":7852,"thread":"tokio-rt-worker","ts":"2026-04-21T11:26:02.486691Z"}}
{"data":{"log_version":3,"version":"=2.0.0-preview.161"},"info":{"category":"","code":"A001","extra":{},"invocation_id":"019dca1d-9390-74c2-9d05-15b0cf4c7aaf","level":"info","msg":"Running with dbt-fusion=2.0.0-preview.161","name":"MainReportVersion","pid":12484,"thread":"tokio-rt-worker","ts":"2026-04-26T14:07:09.234823Z"}}
{"data":{"args":{"debug":"false","invocation_command":"C:\\Users\\Gruka\\.local\\bin\\dbt.exe license info --json --log-format json","log_format":"json","quiet":"false","write_json":"true"}},"info":{"category":"","code":"A002","extra":{},"invocation_id":"019dca1d-9390-74c2-9d05-15b0cf4c7aaf","level":"debug","msg":"running dbt-fusion with argumets {\"command\":\"license\",\"vars\":\"{}\",\"limit\":\"10\",\"debug\":false,\"log_format\":\"json\",\"quiet\":false,\"write_json\":true,\"write_catalog\":false}","name":"MainReportArgs","pid":12484,"thread":"tokio-rt-worker","ts":"2026-04-26T14:07:09.234844Z"}}
{"data":{},"info":{"category":"","code":"","extra":{},"invocation_id":"019dca1d-9390-74c2-9d05-15b0cf4c7aaf","level":"debug","msg":"No active cloud project configured, skipping remote license","name":"Generic","pid":12484,"thread":"tokio-rt-worker","ts":"2026-04-26T14:07:09.246055Z"}}
{"data":{"columns":[],"is_inline":true,"node_name":"license_info","output_format":"json","preview":"{\n  \"status\": \"not_found\",\n  \"licensing_enabled\": true\n}","unique_id":"license.info"},"info":{"category":"","code":"Q041","extra":{},"invocation_id":"019dca1d-9390-74c2-9d05-15b0cf4c7aaf","level":"info","msg":"{\n  \"status\": \"not_found\",\n  \"licensing_enabled\": true\n}","name":"ShowNode","pid":12484,"thread":"tokio-rt-worker","ts":"2026-04-26T14:07:09.249117Z"}}
{"data":{"completed_at":"2026-04-26T14:07:09.498062Z","elapsed":0.2648595869541168,"success":true},"info":{"category":"","code":"Q039","extra":{},"invocation_id":"019dca1d-9390-74c2-9d05-15b0cf4c7aaf","level":"info","msg":"\n==================== Execution Summary =====================\nFinished 'license' successfully [264ms]","name":"CommandCompleted","pid":12484,"thread":"tokio-rt-worker","ts":"2026-04-26T14:07:09.499723Z"}}
{"data":{"log_version":3,"version":"=2.0.0-preview.173"},"info":{"category":"","code":"A001","extra":{},"invocation_id":"019dca3f-cd52-7302-9013-c0a7e8df8c02","level":"info","msg":"Running with dbt-fusion=2.0.0-preview.173","name":"MainReportVersion","pid":20956,"thread":"tokio-rt-worker","ts":"2026-04-26T14:44:32.213115Z"}}
{"data":{"args":{"debug":"false","invocation_command":"C:\\Users\\Gruka\\.local\\bin\\dbt.exe license info --json --log-format json","log_format":"json","quiet":"false","write_json":"true"}},"info":{"category":"","code":"A002","extra":{},"invocation_id":"019dca3f-cd52-7302-9013-c0a7e8df8c02","level":"debug","msg":"running dbt-fusion with argumets {\"command\":\"license\",\"vars\":\"{}\",\"limit\":\"10\",\"debug\":false,\"log_format\":\"json\",\"quiet\":false,\"write_json\":true,\"write_catalog\":false}","name":"MainReportArgs","pid":20956,"thread":"tokio-rt-worker","ts":"2026-04-26T14:44:32.213152Z"}}
{"data":{},"info":{"category":"","code":"","extra":{},"invocation_id":"019dca3f-cd52-7302-9013-c0a7e8df8c02","level":"debug","msg":"No active cloud project configured, skipping remote license","name":"Generic","pid":20956,"thread":"tokio-rt-worker","ts":"2026-04-26T14:44:32.218340Z"}}
{"data":{"columns":[],"is_inline":true,"node_name":"license_info","output_format":"json","preview":"{\n  \"status\": \"not_found\",\n  \"licensing_enabled\": true\n}","unique_id":"license.info"},"info":{"category":"","code":"Q041","extra":{},"invocation_id":"019dca3f-cd52-7302-9013-c0a7e8df8c02","level":"info","msg":"{\n  \"status\": \"not_found\",\n  \"licensing_enabled\": true\n}","name":"ShowNode","pid":20956,"thread":"tokio-rt-worker","ts":"2026-04-26T14:44:32.219218Z"}}
{"data":{"completed_at":"2026-04-26T14:44:32.455582Z","elapsed":0.2426699995994568,"success":true},"info":{"category":"","code":"Q039","extra":{},"invocation_id":"019dca3f-cd52-7302-9013-c0a7e8df8c02","level":"info","msg":"\n==================== Execution Summary =====================\nFinished 'license' successfully [242ms]","name":"CommandCompleted","pid":20956,"thread":"tokio-rt-worker","ts":"2026-04-26T14:44:32.455702Z"}}
